[1.090s] Invoking command in '/home/shay/a/aldana0/ece569-fall2026/Lab1/ws1/build/mypubsub': PYTHONPATH=/home/shay/a/aldana0/ece569-fall2026/Lab1/ws1/build/mypubsub/prefix_override:/usr/lib/python3/dist-packages/colcon_core/task/python/colcon_distutils_commands:/home/shay/a/aldana0/ece569-fall2026/Lab1/ws1/install/mypubsub/lib/python3.10/site-packages:${PYTHONPATH} /usr/bin/python3 -W ignore:setup.py install is deprecated -W ignore:easy_install command is deprecated setup.py develop --editable --build-directory /home/shay/a/aldana0/ece569-fall2026/Lab1/ws1/build/mypubsub/build --no-deps symlink_data
[1.387s] running develop
[1.616s] running egg_info
[1.616s] creating mypubsub.egg-info
[1.617s] writing mypubsub.egg-info/PKG-INFO
[1.618s] writing dependency_links to mypubsub.egg-info/dependency_links.txt
[1.619s] writing entry points to mypubsub.egg-info/entry_points.txt
[1.619s] writing requirements to mypubsub.egg-info/requires.txt
[1.620s] writing top-level names to mypubsub.egg-info/top_level.txt
[1.622s] writing manifest file 'mypubsub.egg-info/SOURCES.txt'
[1.625s] reading manifest file 'mypubsub.egg-info/SOURCES.txt'
[1.626s] writing manifest file 'mypubsub.egg-info/SOURCES.txt'
[1.627s] running build_ext
[1.627s] Creating /home/shay/a/aldana0/ece569-fall2026/Lab1/ws1/install/mypubsub/lib/python3.10/site-packages/mypubsub.egg-link (link to .)
[1.629s] 
[1.629s] Installed /home/shay/a/aldana0/ece569-fall2026/Lab1/ws1/build/mypubsub
[1.629s] running symlink_data
[1.630s] creating /home/shay/a/aldana0/ece569-fall2026/Lab1/ws1/install/mypubsub/share/ament_index
[1.630s] creating /home/shay/a/aldana0/ece569-fall2026/Lab1/ws1/install/mypubsub/share/ament_index/resource_index
[1.630s] creating /home/shay/a/aldana0/ece569-fall2026/Lab1/ws1/install/mypubsub/share/ament_index/resource_index/packages
[1.631s] symbolically linking /home/shay/a/aldana0/ece569-fall2026/Lab1/ws1/build/mypubsub/resource/mypubsub -> /home/shay/a/aldana0/ece569-fall2026/Lab1/ws1/install/mypubsub/share/ament_index/resource_index/packages
[1.631s] symbolically linking /home/shay/a/aldana0/ece569-fall2026/Lab1/ws1/build/mypubsub/package.xml -> /home/shay/a/aldana0/ece569-fall2026/Lab1/ws1/install/mypubsub/share/mypubsub
[1.653s] Invoked command in '/home/shay/a/aldana0/ece569-fall2026/Lab1/ws1/build/mypubsub' returned '0': PYTHONPATH=/home/shay/a/aldana0/ece569-fall2026/Lab1/ws1/build/mypubsub/prefix_override:/usr/lib/python3/dist-packages/colcon_core/task/python/colcon_distutils_commands:/home/shay/a/aldana0/ece569-fall2026/Lab1/ws1/install/mypubsub/lib/python3.10/site-packages:${PYTHONPATH} /usr/bin/python3 -W ignore:setup.py install is deprecated -W ignore:easy_install command is deprecated setup.py develop --editable --build-directory /home/shay/a/aldana0/ece569-fall2026/Lab1/ws1/build/mypubsub/build --no-deps symlink_data
