running develop
running egg_info
creating mypubsub.egg-info
writing mypubsub.egg-info/PKG-INFO
writing dependency_links to mypubsub.egg-info/dependency_links.txt
writing entry points to mypubsub.egg-info/entry_points.txt
writing requirements to mypubsub.egg-info/requires.txt
writing top-level names to mypubsub.egg-info/top_level.txt
writing manifest file 'mypubsub.egg-info/SOURCES.txt'
reading manifest file 'mypubsub.egg-info/SOURCES.txt'
writing manifest file 'mypubsub.egg-info/SOURCES.txt'
running build_ext
Creating /home/shay/a/aldana0/ece569-fall2026/Lab1/ws1/src/install/mypubsub/lib/python3.10/site-packages/mypubsub.egg-link (link to .)
Installing publisher script to /home/shay/a/aldana0/ece569-fall2026/Lab1/ws1/src/install/mypubsub/lib/mypubsub

Installed /home/shay/a/aldana0/ece569-fall2026/Lab1/ws1/src/build/mypubsub
running symlink_data
creating /home/shay/a/aldana0/ece569-fall2026/Lab1/ws1/src/install/mypubsub/share/ament_index
creating /home/shay/a/aldana0/ece569-fall2026/Lab1/ws1/src/install/mypubsub/share/ament_index/resource_index
creating /home/shay/a/aldana0/ece569-fall2026/Lab1/ws1/src/install/mypubsub/share/ament_index/resource_index/packages
symbolically linking /home/shay/a/aldana0/ece569-fall2026/Lab1/ws1/src/build/mypubsub/resource/mypubsub -> /home/shay/a/aldana0/ece569-fall2026/Lab1/ws1/src/install/mypubsub/share/ament_index/resource_index/packages
symbolically linking /home/shay/a/aldana0/ece569-fall2026/Lab1/ws1/src/build/mypubsub/package.xml -> /home/shay/a/aldana0/ece569-fall2026/Lab1/ws1/src/install/mypubsub/share/mypubsub
