[1.135s] Invoking command in '/home/shay/a/aldana0/ece569-fall2026/Lab1/ws1/src/build/mypubsub': PYTHONPATH=/home/shay/a/aldana0/ece569-fall2026/Lab1/ws1/src/build/mypubsub/prefix_override:/usr/lib/python3/dist-packages/colcon_core/task/python/colcon_distutils_commands:/home/shay/a/aldana0/ece569-fall2026/Lab1/ws1/src/install/mypubsub/lib/python3.10/site-packages:${PYTHONPATH} /usr/bin/python3 -W ignore:setup.py install is deprecated -W ignore:easy_install command is deprecated setup.py develop --editable --build-directory /home/shay/a/aldana0/ece569-fall2026/Lab1/ws1/src/build/mypubsub/build --no-deps symlink_data
[1.443s] running develop
[1.682s] running egg_info
[1.682s] creating mypubsub.egg-info
[1.682s] writing mypubsub.egg-info/PKG-INFO
[1.683s] writing dependency_links to mypubsub.egg-info/dependency_links.txt
[1.684s] writing entry points to mypubsub.egg-info/entry_points.txt
[1.685s] writing requirements to mypubsub.egg-info/requires.txt
[1.685s] writing top-level names to mypubsub.egg-info/top_level.txt
[1.687s] writing manifest file 'mypubsub.egg-info/SOURCES.txt'
[1.690s] reading manifest file 'mypubsub.egg-info/SOURCES.txt'
[1.691s] writing manifest file 'mypubsub.egg-info/SOURCES.txt'
[1.693s] running build_ext
[1.693s] Creating /home/shay/a/aldana0/ece569-fall2026/Lab1/ws1/src/install/mypubsub/lib/python3.10/site-packages/mypubsub.egg-link (link to .)
[1.695s] Installing publisher script to /home/shay/a/aldana0/ece569-fall2026/Lab1/ws1/src/install/mypubsub/lib/mypubsub
[1.696s] 
[1.696s] Installed /home/shay/a/aldana0/ece569-fall2026/Lab1/ws1/src/build/mypubsub
[1.696s] running symlink_data
[1.696s] creating /home/shay/a/aldana0/ece569-fall2026/Lab1/ws1/src/install/mypubsub/share/ament_index
[1.696s] creating /home/shay/a/aldana0/ece569-fall2026/Lab1/ws1/src/install/mypubsub/share/ament_index/resource_index
[1.697s] creating /home/shay/a/aldana0/ece569-fall2026/Lab1/ws1/src/install/mypubsub/share/ament_index/resource_index/packages
[1.697s] symbolically linking /home/shay/a/aldana0/ece569-fall2026/Lab1/ws1/src/build/mypubsub/resource/mypubsub -> /home/shay/a/aldana0/ece569-fall2026/Lab1/ws1/src/install/mypubsub/share/ament_index/resource_index/packages
[1.697s] symbolically linking /home/shay/a/aldana0/ece569-fall2026/Lab1/ws1/src/build/mypubsub/package.xml -> /home/shay/a/aldana0/ece569-fall2026/Lab1/ws1/src/install/mypubsub/share/mypubsub
[1.720s] Invoked command in '/home/shay/a/aldana0/ece569-fall2026/Lab1/ws1/src/build/mypubsub' returned '0': PYTHONPATH=/home/shay/a/aldana0/ece569-fall2026/Lab1/ws1/src/build/mypubsub/prefix_override:/usr/lib/python3/dist-packages/colcon_core/task/python/colcon_distutils_commands:/home/shay/a/aldana0/ece569-fall2026/Lab1/ws1/src/install/mypubsub/lib/python3.10/site-packages:${PYTHONPATH} /usr/bin/python3 -W ignore:setup.py install is deprecated -W ignore:easy_install command is deprecated setup.py develop --editable --build-directory /home/shay/a/aldana0/ece569-fall2026/Lab1/ws1/src/build/mypubsub/build --no-deps symlink_data
