[0.100s] DEBUG:colcon:Command line arguments: ['/bin/colcon', 'build', '--symlink-install']
[0.100s] DEBUG:colcon:Parsed command line arguments: Namespace(log_base=None, log_level=None, verb_name='build', build_base='build', install_base='install', merge_install=False, symlink_install=True, test_result_base=None, continue_on_error=False, executor='parallel', parallel_workers=128, event_handlers=None, ignore_user_meta=False, metas=['./colcon.meta'], base_paths=['.'], packages_ignore=None, packages_ignore_regex=None, paths=None, packages_up_to=None, packages_up_to_regex=None, packages_above=None, packages_above_and_dependencies=None, packages_above_depth=None, packages_select_by_dep=None, packages_skip_by_dep=None, packages_skip_up_to=None, packages_select_build_failed=False, packages_skip_build_finished=False, packages_select_test_failures=False, packages_skip_test_passed=False, packages_select=None, packages_skip=None, packages_select_regex=None, packages_skip_regex=None, packages_start=None, packages_end=None, allow_overriding=[], cmake_args=None, cmake_target=None, cmake_target_skip_unavailable=False, cmake_clean_cache=False, cmake_clean_first=False, cmake_force_configure=False, ament_cmake_args=None, catkin_cmake_args=None, catkin_skip_building_tests=False, verb_parser=<colcon_defaults.argument_parser.defaults.DefaultArgumentsDecorator object at 0x7f51833df8e0>, verb_extension=<colcon_core.verb.build.BuildVerb object at 0x7f51833defb0>, main=<bound method BuildVerb.main of <colcon_core.verb.build.BuildVerb object at 0x7f51833defb0>>)
[0.321s] Level 1:colcon.colcon_core.package_discovery:discover_packages(colcon_meta) check parameters
[0.321s] Level 1:colcon.colcon_core.package_discovery:discover_packages(recursive) check parameters
[0.321s] Level 1:colcon.colcon_core.package_discovery:discover_packages(ignore) check parameters
[0.321s] Level 1:colcon.colcon_core.package_discovery:discover_packages(path) check parameters
[0.321s] Level 1:colcon.colcon_core.package_discovery:discover_packages(colcon_meta) discover
[0.321s] Level 1:colcon.colcon_core.package_discovery:discover_packages(recursive) discover
[0.322s] INFO:colcon.colcon_core.package_discovery:Crawling recursively for packages in '/home/shay/a/aldana0/ece569-fall2026/Lab1/ws1'
[0.322s] Level 1:colcon.colcon_core.package_identification:_identify(.) by extensions ['ignore', 'ignore_ament_install']
[0.322s] Level 1:colcon.colcon_core.package_identification:_identify(.) by extension 'ignore'
[0.322s] Level 1:colcon.colcon_core.package_identification:_identify(.) by extension 'ignore_ament_install'
[0.322s] Level 1:colcon.colcon_core.package_identification:_identify(.) by extensions ['colcon_pkg']
[0.322s] Level 1:colcon.colcon_core.package_identification:_identify(.) by extension 'colcon_pkg'
[0.322s] Level 1:colcon.colcon_core.package_identification:_identify(.) by extensions ['colcon_meta']
[0.322s] Level 1:colcon.colcon_core.package_identification:_identify(.) by extension 'colcon_meta'
[0.322s] Level 1:colcon.colcon_core.package_identification:_identify(.) by extensions ['ros']
[0.322s] Level 1:colcon.colcon_core.package_identification:_identify(.) by extension 'ros'
[0.338s] Level 1:colcon.colcon_core.package_identification:_identify(.) by extensions ['cmake', 'python']
[0.339s] Level 1:colcon.colcon_core.package_identification:_identify(.) by extension 'cmake'
[0.339s] Level 1:colcon.colcon_core.package_identification:_identify(.) by extension 'python'
[0.339s] Level 1:colcon.colcon_core.package_identification:_identify(.) by extensions ['python_setup_py']
[0.339s] Level 1:colcon.colcon_core.package_identification:_identify(.) by extension 'python_setup_py'
[0.339s] Level 1:colcon.colcon_core.package_identification:_identify(build) by extensions ['ignore', 'ignore_ament_install']
[0.339s] Level 1:colcon.colcon_core.package_identification:_identify(build) by extension 'ignore'
[0.339s] Level 1:colcon.colcon_core.package_identification:_identify(build) ignored
[0.339s] Level 1:colcon.colcon_core.package_identification:_identify(install) by extensions ['ignore', 'ignore_ament_install']
[0.339s] Level 1:colcon.colcon_core.package_identification:_identify(install) by extension 'ignore'
[0.339s] Level 1:colcon.colcon_core.package_identification:_identify(install) ignored
[0.340s] Level 1:colcon.colcon_core.package_identification:_identify(log) by extensions ['ignore', 'ignore_ament_install']
[0.340s] Level 1:colcon.colcon_core.package_identification:_identify(log) by extension 'ignore'
[0.340s] Level 1:colcon.colcon_core.package_identification:_identify(log) ignored
[0.340s] Level 1:colcon.colcon_core.package_identification:_identify(src) by extensions ['ignore', 'ignore_ament_install']
[0.340s] Level 1:colcon.colcon_core.package_identification:_identify(src) by extension 'ignore'
[0.340s] Level 1:colcon.colcon_core.package_identification:_identify(src) by extension 'ignore_ament_install'
[0.341s] Level 1:colcon.colcon_core.package_identification:_identify(src) by extensions ['colcon_pkg']
[0.341s] Level 1:colcon.colcon_core.package_identification:_identify(src) by extension 'colcon_pkg'
[0.341s] Level 1:colcon.colcon_core.package_identification:_identify(src) by extensions ['colcon_meta']
[0.341s] Level 1:colcon.colcon_core.package_identification:_identify(src) by extension 'colcon_meta'
[0.341s] Level 1:colcon.colcon_core.package_identification:_identify(src) by extensions ['ros']
[0.341s] Level 1:colcon.colcon_core.package_identification:_identify(src) by extension 'ros'
[0.341s] Level 1:colcon.colcon_core.package_identification:_identify(src) by extensions ['cmake', 'python']
[0.341s] Level 1:colcon.colcon_core.package_identification:_identify(src) by extension 'cmake'
[0.341s] Level 1:colcon.colcon_core.package_identification:_identify(src) by extension 'python'
[0.341s] Level 1:colcon.colcon_core.package_identification:_identify(src) by extensions ['python_setup_py']
[0.341s] Level 1:colcon.colcon_core.package_identification:_identify(src) by extension 'python_setup_py'
[0.341s] Level 1:colcon.colcon_core.package_identification:_identify(src/build) by extensions ['ignore', 'ignore_ament_install']
[0.342s] Level 1:colcon.colcon_core.package_identification:_identify(src/build) by extension 'ignore'
[0.342s] Level 1:colcon.colcon_core.package_identification:_identify(src/build) ignored
[0.342s] Level 1:colcon.colcon_core.package_identification:_identify(src/install) by extensions ['ignore', 'ignore_ament_install']
[0.342s] Level 1:colcon.colcon_core.package_identification:_identify(src/install) by extension 'ignore'
[0.342s] Level 1:colcon.colcon_core.package_identification:_identify(src/install) ignored
[0.343s] Level 1:colcon.colcon_core.package_identification:_identify(src/log) by extensions ['ignore', 'ignore_ament_install']
[0.343s] Level 1:colcon.colcon_core.package_identification:_identify(src/log) by extension 'ignore'
[0.343s] Level 1:colcon.colcon_core.package_identification:_identify(src/log) ignored
[0.343s] Level 1:colcon.colcon_core.package_identification:_identify(src/mypubsub) by extensions ['ignore', 'ignore_ament_install']
[0.343s] Level 1:colcon.colcon_core.package_identification:_identify(src/mypubsub) by extension 'ignore'
[0.343s] Level 1:colcon.colcon_core.package_identification:_identify(src/mypubsub) by extension 'ignore_ament_install'
[0.343s] Level 1:colcon.colcon_core.package_identification:_identify(src/mypubsub) by extensions ['colcon_pkg']
[0.343s] Level 1:colcon.colcon_core.package_identification:_identify(src/mypubsub) by extension 'colcon_pkg'
[0.343s] Level 1:colcon.colcon_core.package_identification:_identify(src/mypubsub) by extensions ['colcon_meta']
[0.343s] Level 1:colcon.colcon_core.package_identification:_identify(src/mypubsub) by extension 'colcon_meta'
[0.343s] Level 1:colcon.colcon_core.package_identification:_identify(src/mypubsub) by extensions ['ros']
[0.344s] Level 1:colcon.colcon_core.package_identification:_identify(src/mypubsub) by extension 'ros'
[0.346s] DEBUG:colcon.colcon_core.package_identification:Package 'src/mypubsub' with type 'ros.ament_python' and name 'mypubsub'
[0.346s] Level 1:colcon.colcon_core.package_discovery:discover_packages(recursive) using defaults
[0.346s] Level 1:colcon.colcon_core.package_discovery:discover_packages(ignore) discover
[0.346s] Level 1:colcon.colcon_core.package_discovery:discover_packages(ignore) using defaults
[0.346s] Level 1:colcon.colcon_core.package_discovery:discover_packages(path) discover
[0.346s] Level 1:colcon.colcon_core.package_discovery:discover_packages(path) using defaults
[0.363s] Level 1:colcon.colcon_core.package_discovery:discover_packages(prefix_path) check parameters
[0.363s] Level 1:colcon.colcon_core.package_discovery:discover_packages(prefix_path) discover
[0.366s] DEBUG:colcon.colcon_installed_package_information.package_discovery:Found 364 installed packages in /opt/ros/humble
[0.367s] Level 1:colcon.colcon_core.package_discovery:discover_packages(prefix_path) using defaults
[0.407s] Level 5:colcon.colcon_core.verb:set package 'mypubsub' build argument 'cmake_args' from command line to 'None'
[0.407s] Level 5:colcon.colcon_core.verb:set package 'mypubsub' build argument 'cmake_target' from command line to 'None'
[0.407s] Level 5:colcon.colcon_core.verb:set package 'mypubsub' build argument 'cmake_target_skip_unavailable' from command line to 'False'
[0.407s] Level 5:colcon.colcon_core.verb:set package 'mypubsub' build argument 'cmake_clean_cache' from command line to 'False'
[0.407s] Level 5:colcon.colcon_core.verb:set package 'mypubsub' build argument 'cmake_clean_first' from command line to 'False'
[0.407s] Level 5:colcon.colcon_core.verb:set package 'mypubsub' build argument 'cmake_force_configure' from command line to 'False'
[0.407s] Level 5:colcon.colcon_core.verb:set package 'mypubsub' build argument 'ament_cmake_args' from command line to 'None'
[0.407s] Level 5:colcon.colcon_core.verb:set package 'mypubsub' build argument 'catkin_cmake_args' from command line to 'None'
[0.407s] Level 5:colcon.colcon_core.verb:set package 'mypubsub' build argument 'catkin_skip_building_tests' from command line to 'False'
[0.407s] DEBUG:colcon.colcon_core.verb:Building package 'mypubsub' with the following arguments: {'ament_cmake_args': None, 'build_base': '/home/shay/a/aldana0/ece569-fall2026/Lab1/ws1/build/mypubsub', 'catkin_cmake_args': None, 'catkin_skip_building_tests': False, 'cmake_args': None, 'cmake_clean_cache': False, 'cmake_clean_first': False, 'cmake_force_configure': False, 'cmake_target': None, 'cmake_target_skip_unavailable': False, 'install_base': '/home/shay/a/aldana0/ece569-fall2026/Lab1/ws1/install/mypubsub', 'merge_install': False, 'path': '/home/shay/a/aldana0/ece569-fall2026/Lab1/ws1/src/mypubsub', 'symlink_install': True, 'test_result_base': None}
[0.407s] INFO:colcon.colcon_core.executor:Executing jobs using 'parallel' executor
[0.408s] DEBUG:colcon.colcon_parallel_executor.executor.parallel:run_until_complete
[0.408s] INFO:colcon.colcon_ros.task.ament_python.build:Building ROS package in '/home/shay/a/aldana0/ece569-fall2026/Lab1/ws1/src/mypubsub' with build type 'ament_python'
[0.409s] Level 1:colcon.colcon_core.shell:create_environment_hook('mypubsub', 'ament_prefix_path')
[0.410s] INFO:colcon.colcon_core.plugin_system:Skipping extension 'colcon_core.shell.bat': Not used on non-Windows systems
[0.411s] INFO:colcon.colcon_core.shell:Creating environment hook '/home/shay/a/aldana0/ece569-fall2026/Lab1/ws1/install/mypubsub/share/mypubsub/hook/ament_prefix_path.ps1'
[0.412s] INFO:colcon.colcon_core.shell:Creating environment descriptor '/home/shay/a/aldana0/ece569-fall2026/Lab1/ws1/install/mypubsub/share/mypubsub/hook/ament_prefix_path.dsv'
[0.413s] INFO:colcon.colcon_core.shell:Creating environment hook '/home/shay/a/aldana0/ece569-fall2026/Lab1/ws1/install/mypubsub/share/mypubsub/hook/ament_prefix_path.sh'
[0.415s] INFO:colcon.colcon_core.shell:Skip shell extension 'powershell' for command environment: Not usable outside of PowerShell
[0.415s] DEBUG:colcon.colcon_core.shell:Skip shell extension 'dsv' for command environment
[0.721s] INFO:colcon.colcon_core.task.python.build:Building Python package in '/home/shay/a/aldana0/ece569-fall2026/Lab1/ws1/src/mypubsub'
[0.722s] INFO:colcon.colcon_core.shell:Skip shell extension 'powershell' for command environment: Not usable outside of PowerShell
[0.722s] DEBUG:colcon.colcon_core.shell:Skip shell extension 'dsv' for command environment
[1.190s] DEBUG:colcon.colcon_core.task.python.build:Available setuptools commands: sdist, upload, egg_info, rotate, bdist, register, init_catalog, bdist_rpm, install_data, build_py, alias, bdist_wheel, update_catalog, isort, bdist_dumb, install_egg_info, clean, install_lib, upload_docs, install_headers, build, symlink_data, test, bdist_egg, setopt, build_clib, install, develop, build_ext, build_scripts, extract_messages, check, easy_install, build_sphinx, dist_info, install_scripts, saveopts, compile_catalog
[1.509s] DEBUG:colcon.colcon_core.task.python.build:Available setuptools 'develop' options: --local-snapshots-ok, --install-dir, --version, --always-copy, --install-layout, --upgrade, --index-url, --always-unzip, --script-dir, --egg-path, --no-user-cfg, --editable, --find-links, --prefix, --optimize, --no-find-links, --dry-run, --quiet, --verbose, --multi-version, --uninstall, --allow-hosts, --user, --site-dirs, --record, --no-deps, --force-installation-into-system-dir, --help, --exclude-scripts, --zip-ok, --build-directory
[1.516s] DEBUG:colcon.colcon_core.event_handler.log_command:Invoking command in '/home/shay/a/aldana0/ece569-fall2026/Lab1/ws1/build/mypubsub': PYTHONPATH=/home/shay/a/aldana0/ece569-fall2026/Lab1/ws1/build/mypubsub/prefix_override:/usr/lib/python3/dist-packages/colcon_core/task/python/colcon_distutils_commands:/home/shay/a/aldana0/ece569-fall2026/Lab1/ws1/install/mypubsub/lib/python3.10/site-packages:${PYTHONPATH} /usr/bin/python3 -W ignore:setup.py install is deprecated -W ignore:easy_install command is deprecated setup.py develop --editable --build-directory /home/shay/a/aldana0/ece569-fall2026/Lab1/ws1/build/mypubsub/build --no-deps symlink_data
[2.083s] Level 1:colcon.colcon_core.shell:create_environment_hook('mypubsub', 'pythonpath_develop')
[2.084s] INFO:colcon.colcon_core.shell:Creating environment hook '/home/shay/a/aldana0/ece569-fall2026/Lab1/ws1/build/mypubsub/share/mypubsub/hook/pythonpath_develop.ps1'
[2.084s] DEBUG:colcon.colcon_core.event_handler.log_command:Invoked command in '/home/shay/a/aldana0/ece569-fall2026/Lab1/ws1/build/mypubsub' returned '0': PYTHONPATH=/home/shay/a/aldana0/ece569-fall2026/Lab1/ws1/build/mypubsub/prefix_override:/usr/lib/python3/dist-packages/colcon_core/task/python/colcon_distutils_commands:/home/shay/a/aldana0/ece569-fall2026/Lab1/ws1/install/mypubsub/lib/python3.10/site-packages:${PYTHONPATH} /usr/bin/python3 -W ignore:setup.py install is deprecated -W ignore:easy_install command is deprecated setup.py develop --editable --build-directory /home/shay/a/aldana0/ece569-fall2026/Lab1/ws1/build/mypubsub/build --no-deps symlink_data
[2.086s] INFO:colcon.colcon_core.shell:Creating environment descriptor '/home/shay/a/aldana0/ece569-fall2026/Lab1/ws1/build/mypubsub/share/mypubsub/hook/pythonpath_develop.dsv'
[2.087s] INFO:colcon.colcon_core.shell:Creating environment hook '/home/shay/a/aldana0/ece569-fall2026/Lab1/ws1/build/mypubsub/share/mypubsub/hook/pythonpath_develop.sh'
[2.090s] Level 1:colcon.colcon_core.environment:checking '/home/shay/a/aldana0/ece569-fall2026/Lab1/ws1/install/mypubsub' for CMake module files
[2.092s] Level 1:colcon.colcon_core.environment:checking '/home/shay/a/aldana0/ece569-fall2026/Lab1/ws1/install/mypubsub' for CMake config files
[2.094s] Level 1:colcon.colcon_core.environment:checking '/home/shay/a/aldana0/ece569-fall2026/Lab1/ws1/install/mypubsub/lib'
[2.094s] Level 1:colcon.colcon_core.environment:checking '/home/shay/a/aldana0/ece569-fall2026/Lab1/ws1/install/mypubsub/bin'
[2.094s] Level 1:colcon.colcon_core.environment:checking '/home/shay/a/aldana0/ece569-fall2026/Lab1/ws1/install/mypubsub/lib/pkgconfig/mypubsub.pc'
[2.095s] Level 1:colcon.colcon_core.environment:checking '/home/shay/a/aldana0/ece569-fall2026/Lab1/ws1/install/mypubsub/lib/python3.10/site-packages'
[2.095s] Level 1:colcon.colcon_core.shell:create_environment_hook('mypubsub', 'pythonpath')
[2.095s] INFO:colcon.colcon_core.shell:Creating environment hook '/home/shay/a/aldana0/ece569-fall2026/Lab1/ws1/install/mypubsub/share/mypubsub/hook/pythonpath.ps1'
[2.096s] INFO:colcon.colcon_core.shell:Creating environment descriptor '/home/shay/a/aldana0/ece569-fall2026/Lab1/ws1/install/mypubsub/share/mypubsub/hook/pythonpath.dsv'
[2.097s] INFO:colcon.colcon_core.shell:Creating environment hook '/home/shay/a/aldana0/ece569-fall2026/Lab1/ws1/install/mypubsub/share/mypubsub/hook/pythonpath.sh'
[2.098s] Level 1:colcon.colcon_core.environment:checking '/home/shay/a/aldana0/ece569-fall2026/Lab1/ws1/install/mypubsub/bin'
[2.098s] Level 1:colcon.colcon_core.environment:create_environment_scripts_only(mypubsub)
[2.099s] INFO:colcon.colcon_core.shell:Creating package script '/home/shay/a/aldana0/ece569-fall2026/Lab1/ws1/install/mypubsub/share/mypubsub/package.ps1'
[2.100s] INFO:colcon.colcon_core.shell:Creating package descriptor '/home/shay/a/aldana0/ece569-fall2026/Lab1/ws1/install/mypubsub/share/mypubsub/package.dsv'
[2.101s] INFO:colcon.colcon_core.shell:Creating package script '/home/shay/a/aldana0/ece569-fall2026/Lab1/ws1/install/mypubsub/share/mypubsub/package.sh'
[2.102s] INFO:colcon.colcon_core.shell:Creating package script '/home/shay/a/aldana0/ece569-fall2026/Lab1/ws1/install/mypubsub/share/mypubsub/package.bash'
[2.104s] INFO:colcon.colcon_core.shell:Creating package script '/home/shay/a/aldana0/ece569-fall2026/Lab1/ws1/install/mypubsub/share/mypubsub/package.zsh'
[2.105s] Level 1:colcon.colcon_core.environment:create_file_with_runtime_dependencies(/home/shay/a/aldana0/ece569-fall2026/Lab1/ws1/install/mypubsub/share/colcon-core/packages/mypubsub)
[2.105s] DEBUG:colcon.colcon_parallel_executor.executor.parallel:closing loop
[2.106s] DEBUG:colcon.colcon_parallel_executor.executor.parallel:loop closed
[2.106s] DEBUG:colcon.colcon_parallel_executor.executor.parallel:run_until_complete finished with '0'
[2.106s] DEBUG:colcon.colcon_core.event_reactor:joining thread
[2.114s] INFO:colcon.colcon_core.plugin_system:Skipping extension 'colcon_notification.desktop_notification.terminal_notifier': Not used on non-Darwin systems
[2.115s] INFO:colcon.colcon_core.plugin_system:Skipping extension 'colcon_notification.desktop_notification.win32': Not used on non-Windows systems
[2.115s] INFO:colcon.colcon_notification.desktop_notification:Sending desktop notification using 'notify2'
[2.120s] DEBUG:colcon.colcon_core.event_reactor:joined thread
[2.121s] INFO:colcon.colcon_core.shell:Creating prefix script '/home/shay/a/aldana0/ece569-fall2026/Lab1/ws1/install/local_setup.ps1'
[2.123s] INFO:colcon.colcon_core.shell:Creating prefix util module '/home/shay/a/aldana0/ece569-fall2026/Lab1/ws1/install/_local_setup_util_ps1.py'
[2.125s] INFO:colcon.colcon_core.shell:Creating prefix chain script '/home/shay/a/aldana0/ece569-fall2026/Lab1/ws1/install/setup.ps1'
[2.126s] INFO:colcon.colcon_core.shell:Creating prefix script '/home/shay/a/aldana0/ece569-fall2026/Lab1/ws1/install/local_setup.sh'
[2.128s] INFO:colcon.colcon_core.shell:Creating prefix util module '/home/shay/a/aldana0/ece569-fall2026/Lab1/ws1/install/_local_setup_util_sh.py'
[2.129s] INFO:colcon.colcon_core.shell:Creating prefix chain script '/home/shay/a/aldana0/ece569-fall2026/Lab1/ws1/install/setup.sh'
[2.130s] INFO:colcon.colcon_core.shell:Creating prefix script '/home/shay/a/aldana0/ece569-fall2026/Lab1/ws1/install/local_setup.bash'
[2.132s] INFO:colcon.colcon_core.shell:Creating prefix chain script '/home/shay/a/aldana0/ece569-fall2026/Lab1/ws1/install/setup.bash'
[2.133s] INFO:colcon.colcon_core.shell:Creating prefix script '/home/shay/a/aldana0/ece569-fall2026/Lab1/ws1/install/local_setup.zsh'
[2.134s] INFO:colcon.colcon_core.shell:Creating prefix chain script '/home/shay/a/aldana0/ece569-fall2026/Lab1/ws1/install/setup.zsh'
