[0.099s] DEBUG:colcon:Command line arguments: ['/bin/colcon', 'build', '--symlink-install']
[0.099s] DEBUG:colcon:Parsed command line arguments: Namespace(log_base=None, log_level=None, verb_name='build', build_base='build', install_base='install', merge_install=False, symlink_install=True, test_result_base=None, continue_on_error=False, executor='parallel', parallel_workers=128, event_handlers=None, ignore_user_meta=False, metas=['./colcon.meta'], base_paths=['.'], packages_ignore=None, packages_ignore_regex=None, paths=None, packages_up_to=None, packages_up_to_regex=None, packages_above=None, packages_above_and_dependencies=None, packages_above_depth=None, packages_select_by_dep=None, packages_skip_by_dep=None, packages_skip_up_to=None, packages_select_build_failed=False, packages_skip_build_finished=False, packages_select_test_failures=False, packages_skip_test_passed=False, packages_select=None, packages_skip=None, packages_select_regex=None, packages_skip_regex=None, packages_start=None, packages_end=None, allow_overriding=[], cmake_args=None, cmake_target=None, cmake_target_skip_unavailable=False, cmake_clean_cache=False, cmake_clean_first=False, cmake_force_configure=False, ament_cmake_args=None, catkin_cmake_args=None, catkin_skip_building_tests=False, verb_parser=<colcon_defaults.argument_parser.defaults.DefaultArgumentsDecorator object at 0x7f406e2438e0>, verb_extension=<colcon_core.verb.build.BuildVerb object at 0x7f406e242fb0>, main=<bound method BuildVerb.main of <colcon_core.verb.build.BuildVerb object at 0x7f406e242fb0>>)
[0.328s] Level 1:colcon.colcon_core.package_discovery:discover_packages(colcon_meta) check parameters
[0.328s] Level 1:colcon.colcon_core.package_discovery:discover_packages(recursive) check parameters
[0.328s] Level 1:colcon.colcon_core.package_discovery:discover_packages(ignore) check parameters
[0.328s] Level 1:colcon.colcon_core.package_discovery:discover_packages(path) check parameters
[0.328s] Level 1:colcon.colcon_core.package_discovery:discover_packages(colcon_meta) discover
[0.328s] Level 1:colcon.colcon_core.package_discovery:discover_packages(recursive) discover
[0.328s] INFO:colcon.colcon_core.package_discovery:Crawling recursively for packages in '/home/shay/a/aldana0/ece569-fall2026/Lab1/ws1'
[0.329s] Level 1:colcon.colcon_core.package_identification:_identify(.) by extensions ['ignore', 'ignore_ament_install']
[0.329s] Level 1:colcon.colcon_core.package_identification:_identify(.) by extension 'ignore'
[0.329s] Level 1:colcon.colcon_core.package_identification:_identify(.) by extension 'ignore_ament_install'
[0.329s] Level 1:colcon.colcon_core.package_identification:_identify(.) by extensions ['colcon_pkg']
[0.329s] Level 1:colcon.colcon_core.package_identification:_identify(.) by extension 'colcon_pkg'
[0.329s] Level 1:colcon.colcon_core.package_identification:_identify(.) by extensions ['colcon_meta']
[0.329s] Level 1:colcon.colcon_core.package_identification:_identify(.) by extension 'colcon_meta'
[0.329s] Level 1:colcon.colcon_core.package_identification:_identify(.) by extensions ['ros']
[0.329s] Level 1:colcon.colcon_core.package_identification:_identify(.) by extension 'ros'
[0.345s] Level 1:colcon.colcon_core.package_identification:_identify(.) by extensions ['cmake', 'python']
[0.345s] Level 1:colcon.colcon_core.package_identification:_identify(.) by extension 'cmake'
[0.345s] Level 1:colcon.colcon_core.package_identification:_identify(.) by extension 'python'
[0.345s] Level 1:colcon.colcon_core.package_identification:_identify(.) by extensions ['python_setup_py']
[0.345s] Level 1:colcon.colcon_core.package_identification:_identify(.) by extension 'python_setup_py'
[0.345s] Level 1:colcon.colcon_core.package_identification:_identify(build) by extensions ['ignore', 'ignore_ament_install']
[0.345s] Level 1:colcon.colcon_core.package_identification:_identify(build) by extension 'ignore'
[0.345s] Level 1:colcon.colcon_core.package_identification:_identify(build) ignored
[0.345s] Level 1:colcon.colcon_core.package_identification:_identify(install) by extensions ['ignore', 'ignore_ament_install']
[0.346s] Level 1:colcon.colcon_core.package_identification:_identify(install) by extension 'ignore'
[0.346s] Level 1:colcon.colcon_core.package_identification:_identify(install) ignored
[0.347s] Level 1:colcon.colcon_core.package_identification:_identify(log) by extensions ['ignore', 'ignore_ament_install']
[0.347s] Level 1:colcon.colcon_core.package_identification:_identify(log) by extension 'ignore'
[0.347s] Level 1:colcon.colcon_core.package_identification:_identify(log) ignored
[0.347s] Level 1:colcon.colcon_core.package_identification:_identify(src) by extensions ['ignore', 'ignore_ament_install']
[0.347s] Level 1:colcon.colcon_core.package_identification:_identify(src) by extension 'ignore'
[0.347s] Level 1:colcon.colcon_core.package_identification:_identify(src) by extension 'ignore_ament_install'
[0.347s] Level 1:colcon.colcon_core.package_identification:_identify(src) by extensions ['colcon_pkg']
[0.347s] Level 1:colcon.colcon_core.package_identification:_identify(src) by extension 'colcon_pkg'
[0.347s] Level 1:colcon.colcon_core.package_identification:_identify(src) by extensions ['colcon_meta']
[0.347s] Level 1:colcon.colcon_core.package_identification:_identify(src) by extension 'colcon_meta'
[0.347s] Level 1:colcon.colcon_core.package_identification:_identify(src) by extensions ['ros']
[0.347s] Level 1:colcon.colcon_core.package_identification:_identify(src) by extension 'ros'
[0.347s] Level 1:colcon.colcon_core.package_identification:_identify(src) by extensions ['cmake', 'python']
[0.347s] Level 1:colcon.colcon_core.package_identification:_identify(src) by extension 'cmake'
[0.347s] Level 1:colcon.colcon_core.package_identification:_identify(src) by extension 'python'
[0.347s] Level 1:colcon.colcon_core.package_identification:_identify(src) by extensions ['python_setup_py']
[0.347s] Level 1:colcon.colcon_core.package_identification:_identify(src) by extension 'python_setup_py'
[0.348s] Level 1:colcon.colcon_core.package_identification:_identify(src/build) by extensions ['ignore', 'ignore_ament_install']
[0.348s] Level 1:colcon.colcon_core.package_identification:_identify(src/build) by extension 'ignore'
[0.348s] Level 1:colcon.colcon_core.package_identification:_identify(src/build) ignored
[0.348s] Level 1:colcon.colcon_core.package_identification:_identify(src/install) by extensions ['ignore', 'ignore_ament_install']
[0.348s] Level 1:colcon.colcon_core.package_identification:_identify(src/install) by extension 'ignore'
[0.349s] Level 1:colcon.colcon_core.package_identification:_identify(src/install) ignored
[0.349s] Level 1:colcon.colcon_core.package_identification:_identify(src/log) by extensions ['ignore', 'ignore_ament_install']
[0.349s] Level 1:colcon.colcon_core.package_identification:_identify(src/log) by extension 'ignore'
[0.350s] Level 1:colcon.colcon_core.package_identification:_identify(src/log) ignored
[0.350s] Level 1:colcon.colcon_core.package_identification:_identify(src/mypubsub) by extensions ['ignore', 'ignore_ament_install']
[0.350s] Level 1:colcon.colcon_core.package_identification:_identify(src/mypubsub) by extension 'ignore'
[0.350s] Level 1:colcon.colcon_core.package_identification:_identify(src/mypubsub) by extension 'ignore_ament_install'
[0.350s] Level 1:colcon.colcon_core.package_identification:_identify(src/mypubsub) by extensions ['colcon_pkg']
[0.350s] Level 1:colcon.colcon_core.package_identification:_identify(src/mypubsub) by extension 'colcon_pkg'
[0.350s] Level 1:colcon.colcon_core.package_identification:_identify(src/mypubsub) by extensions ['colcon_meta']
[0.350s] Level 1:colcon.colcon_core.package_identification:_identify(src/mypubsub) by extension 'colcon_meta'
[0.350s] Level 1:colcon.colcon_core.package_identification:_identify(src/mypubsub) by extensions ['ros']
[0.350s] Level 1:colcon.colcon_core.package_identification:_identify(src/mypubsub) by extension 'ros'
[0.352s] DEBUG:colcon.colcon_core.package_identification:Package 'src/mypubsub' with type 'ros.ament_python' and name 'mypubsub'
[0.352s] Level 1:colcon.colcon_core.package_discovery:discover_packages(recursive) using defaults
[0.352s] Level 1:colcon.colcon_core.package_discovery:discover_packages(ignore) discover
[0.352s] Level 1:colcon.colcon_core.package_discovery:discover_packages(ignore) using defaults
[0.353s] Level 1:colcon.colcon_core.package_discovery:discover_packages(path) discover
[0.353s] Level 1:colcon.colcon_core.package_discovery:discover_packages(path) using defaults
[0.370s] Level 1:colcon.colcon_core.package_discovery:discover_packages(prefix_path) check parameters
[0.370s] Level 1:colcon.colcon_core.package_discovery:discover_packages(prefix_path) discover
[0.373s] DEBUG:colcon.colcon_installed_package_information.package_discovery:Found 364 installed packages in /opt/ros/humble
[0.375s] Level 1:colcon.colcon_core.package_discovery:discover_packages(prefix_path) using defaults
[0.416s] Level 5:colcon.colcon_core.verb:set package 'mypubsub' build argument 'cmake_args' from command line to 'None'
[0.416s] Level 5:colcon.colcon_core.verb:set package 'mypubsub' build argument 'cmake_target' from command line to 'None'
[0.416s] Level 5:colcon.colcon_core.verb:set package 'mypubsub' build argument 'cmake_target_skip_unavailable' from command line to 'False'
[0.416s] Level 5:colcon.colcon_core.verb:set package 'mypubsub' build argument 'cmake_clean_cache' from command line to 'False'
[0.416s] Level 5:colcon.colcon_core.verb:set package 'mypubsub' build argument 'cmake_clean_first' from command line to 'False'
[0.416s] Level 5:colcon.colcon_core.verb:set package 'mypubsub' build argument 'cmake_force_configure' from command line to 'False'
[0.416s] Level 5:colcon.colcon_core.verb:set package 'mypubsub' build argument 'ament_cmake_args' from command line to 'None'
[0.416s] Level 5:colcon.colcon_core.verb:set package 'mypubsub' build argument 'catkin_cmake_args' from command line to 'None'
[0.417s] Level 5:colcon.colcon_core.verb:set package 'mypubsub' build argument 'catkin_skip_building_tests' from command line to 'False'
[0.417s] DEBUG:colcon.colcon_core.verb:Building package 'mypubsub' with the following arguments: {'ament_cmake_args': None, 'build_base': '/home/shay/a/aldana0/ece569-fall2026/Lab1/ws1/build/mypubsub', 'catkin_cmake_args': None, 'catkin_skip_building_tests': False, 'cmake_args': None, 'cmake_clean_cache': False, 'cmake_clean_first': False, 'cmake_force_configure': False, 'cmake_target': None, 'cmake_target_skip_unavailable': False, 'install_base': '/home/shay/a/aldana0/ece569-fall2026/Lab1/ws1/install/mypubsub', 'merge_install': False, 'path': '/home/shay/a/aldana0/ece569-fall2026/Lab1/ws1/src/mypubsub', 'symlink_install': True, 'test_result_base': None}
[0.417s] INFO:colcon.colcon_core.executor:Executing jobs using 'parallel' executor
[0.418s] DEBUG:colcon.colcon_parallel_executor.executor.parallel:run_until_complete
[0.418s] INFO:colcon.colcon_ros.task.ament_python.build:Building ROS package in '/home/shay/a/aldana0/ece569-fall2026/Lab1/ws1/src/mypubsub' with build type 'ament_python'
[0.418s] Level 1:colcon.colcon_core.shell:create_environment_hook('mypubsub', 'ament_prefix_path')
[0.420s] INFO:colcon.colcon_core.plugin_system:Skipping extension 'colcon_core.shell.bat': Not used on non-Windows systems
[0.420s] INFO:colcon.colcon_core.shell:Creating environment hook '/home/shay/a/aldana0/ece569-fall2026/Lab1/ws1/install/mypubsub/share/mypubsub/hook/ament_prefix_path.ps1'
[0.422s] INFO:colcon.colcon_core.shell:Creating environment descriptor '/home/shay/a/aldana0/ece569-fall2026/Lab1/ws1/install/mypubsub/share/mypubsub/hook/ament_prefix_path.dsv'
[0.423s] INFO:colcon.colcon_core.shell:Creating environment hook '/home/shay/a/aldana0/ece569-fall2026/Lab1/ws1/install/mypubsub/share/mypubsub/hook/ament_prefix_path.sh'
[0.425s] INFO:colcon.colcon_core.shell:Skip shell extension 'powershell' for command environment: Not usable outside of PowerShell
[0.425s] DEBUG:colcon.colcon_core.shell:Skip shell extension 'dsv' for command environment
[0.731s] INFO:colcon.colcon_core.task.python.build:Building Python package in '/home/shay/a/aldana0/ece569-fall2026/Lab1/ws1/src/mypubsub'
[0.731s] INFO:colcon.colcon_core.shell:Skip shell extension 'powershell' for command environment: Not usable outside of PowerShell
[0.731s] DEBUG:colcon.colcon_core.shell:Skip shell extension 'dsv' for command environment
[1.192s] DEBUG:colcon.colcon_core.task.python.build:Available setuptools commands: install_headers, sdist, dist_info, saveopts, egg_info, upload_docs, install, symlink_data, install_scripts, build_clib, build_sphinx, setopt, bdist_wheel, install_egg_info, extract_messages, clean, bdist_rpm, bdist_dumb, install_data, build, check, test, install_lib, build_ext, build_scripts, alias, build_py, develop, rotate, easy_install, bdist, bdist_egg, update_catalog, compile_catalog, upload, register, isort, init_catalog
[1.517s] DEBUG:colcon.colcon_core.task.python.build:Available setuptools 'develop' options: --upgrade, --help, --script-dir, --no-deps, --no-find-links, --record, --allow-hosts, --always-unzip, --install-layout, --local-snapshots-ok, --multi-version, --install-dir, --exclude-scripts, --uninstall, --site-dirs, --version, --quiet, --zip-ok, --find-links, --force-installation-into-system-dir, --egg-path, --index-url, --user, --build-directory, --no-user-cfg, --prefix, --always-copy, --editable, --dry-run, --verbose, --optimize
[1.524s] DEBUG:colcon.colcon_core.event_handler.log_command:Invoking command in '/home/shay/a/aldana0/ece569-fall2026/Lab1/ws1/build/mypubsub': PYTHONPATH=/home/shay/a/aldana0/ece569-fall2026/Lab1/ws1/build/mypubsub/prefix_override:/usr/lib/python3/dist-packages/colcon_core/task/python/colcon_distutils_commands:/home/shay/a/aldana0/ece569-fall2026/Lab1/ws1/install/mypubsub/lib/python3.10/site-packages:${PYTHONPATH} /usr/bin/python3 -W ignore:setup.py install is deprecated -W ignore:easy_install command is deprecated setup.py develop --editable --build-directory /home/shay/a/aldana0/ece569-fall2026/Lab1/ws1/build/mypubsub/build --no-deps symlink_data
[2.102s] Level 1:colcon.colcon_core.shell:create_environment_hook('mypubsub', 'pythonpath_develop')
[2.103s] INFO:colcon.colcon_core.shell:Creating environment hook '/home/shay/a/aldana0/ece569-fall2026/Lab1/ws1/build/mypubsub/share/mypubsub/hook/pythonpath_develop.ps1'
[2.103s] DEBUG:colcon.colcon_core.event_handler.log_command:Invoked command in '/home/shay/a/aldana0/ece569-fall2026/Lab1/ws1/build/mypubsub' returned '0': PYTHONPATH=/home/shay/a/aldana0/ece569-fall2026/Lab1/ws1/build/mypubsub/prefix_override:/usr/lib/python3/dist-packages/colcon_core/task/python/colcon_distutils_commands:/home/shay/a/aldana0/ece569-fall2026/Lab1/ws1/install/mypubsub/lib/python3.10/site-packages:${PYTHONPATH} /usr/bin/python3 -W ignore:setup.py install is deprecated -W ignore:easy_install command is deprecated setup.py develop --editable --build-directory /home/shay/a/aldana0/ece569-fall2026/Lab1/ws1/build/mypubsub/build --no-deps symlink_data
[2.105s] INFO:colcon.colcon_core.shell:Creating environment descriptor '/home/shay/a/aldana0/ece569-fall2026/Lab1/ws1/build/mypubsub/share/mypubsub/hook/pythonpath_develop.dsv'
[2.106s] INFO:colcon.colcon_core.shell:Creating environment hook '/home/shay/a/aldana0/ece569-fall2026/Lab1/ws1/build/mypubsub/share/mypubsub/hook/pythonpath_develop.sh'
[2.109s] Level 1:colcon.colcon_core.environment:checking '/home/shay/a/aldana0/ece569-fall2026/Lab1/ws1/install/mypubsub' for CMake module files
[2.110s] Level 1:colcon.colcon_core.environment:checking '/home/shay/a/aldana0/ece569-fall2026/Lab1/ws1/install/mypubsub' for CMake config files
[2.113s] Level 1:colcon.colcon_core.environment:checking '/home/shay/a/aldana0/ece569-fall2026/Lab1/ws1/install/mypubsub/lib'
[2.113s] Level 1:colcon.colcon_core.environment:checking '/home/shay/a/aldana0/ece569-fall2026/Lab1/ws1/install/mypubsub/bin'
[2.113s] Level 1:colcon.colcon_core.environment:checking '/home/shay/a/aldana0/ece569-fall2026/Lab1/ws1/install/mypubsub/lib/pkgconfig/mypubsub.pc'
[2.113s] Level 1:colcon.colcon_core.environment:checking '/home/shay/a/aldana0/ece569-fall2026/Lab1/ws1/install/mypubsub/lib/python3.10/site-packages'
[2.113s] Level 1:colcon.colcon_core.shell:create_environment_hook('mypubsub', 'pythonpath')
[2.114s] INFO:colcon.colcon_core.shell:Creating environment hook '/home/shay/a/aldana0/ece569-fall2026/Lab1/ws1/install/mypubsub/share/mypubsub/hook/pythonpath.ps1'
[2.114s] INFO:colcon.colcon_core.shell:Creating environment descriptor '/home/shay/a/aldana0/ece569-fall2026/Lab1/ws1/install/mypubsub/share/mypubsub/hook/pythonpath.dsv'
[2.115s] INFO:colcon.colcon_core.shell:Creating environment hook '/home/shay/a/aldana0/ece569-fall2026/Lab1/ws1/install/mypubsub/share/mypubsub/hook/pythonpath.sh'
[2.117s] Level 1:colcon.colcon_core.environment:checking '/home/shay/a/aldana0/ece569-fall2026/Lab1/ws1/install/mypubsub/bin'
[2.117s] Level 1:colcon.colcon_core.environment:create_environment_scripts_only(mypubsub)
[2.117s] INFO:colcon.colcon_core.shell:Creating package script '/home/shay/a/aldana0/ece569-fall2026/Lab1/ws1/install/mypubsub/share/mypubsub/package.ps1'
[2.118s] INFO:colcon.colcon_core.shell:Creating package descriptor '/home/shay/a/aldana0/ece569-fall2026/Lab1/ws1/install/mypubsub/share/mypubsub/package.dsv'
[2.119s] INFO:colcon.colcon_core.shell:Creating package script '/home/shay/a/aldana0/ece569-fall2026/Lab1/ws1/install/mypubsub/share/mypubsub/package.sh'
[2.120s] INFO:colcon.colcon_core.shell:Creating package script '/home/shay/a/aldana0/ece569-fall2026/Lab1/ws1/install/mypubsub/share/mypubsub/package.bash'
[2.121s] INFO:colcon.colcon_core.shell:Creating package script '/home/shay/a/aldana0/ece569-fall2026/Lab1/ws1/install/mypubsub/share/mypubsub/package.zsh'
[2.122s] Level 1:colcon.colcon_core.environment:create_file_with_runtime_dependencies(/home/shay/a/aldana0/ece569-fall2026/Lab1/ws1/install/mypubsub/share/colcon-core/packages/mypubsub)
[2.123s] DEBUG:colcon.colcon_parallel_executor.executor.parallel:closing loop
[2.123s] DEBUG:colcon.colcon_parallel_executor.executor.parallel:loop closed
[2.123s] DEBUG:colcon.colcon_parallel_executor.executor.parallel:run_until_complete finished with '0'
[2.123s] DEBUG:colcon.colcon_core.event_reactor:joining thread
[2.130s] INFO:colcon.colcon_core.plugin_system:Skipping extension 'colcon_notification.desktop_notification.terminal_notifier': Not used on non-Darwin systems
[2.130s] INFO:colcon.colcon_core.plugin_system:Skipping extension 'colcon_notification.desktop_notification.win32': Not used on non-Windows systems
[2.130s] INFO:colcon.colcon_notification.desktop_notification:Sending desktop notification using 'notify2'
[2.135s] DEBUG:colcon.colcon_core.event_reactor:joined thread
[2.135s] INFO:colcon.colcon_core.shell:Creating prefix script '/home/shay/a/aldana0/ece569-fall2026/Lab1/ws1/install/local_setup.ps1'
[2.136s] INFO:colcon.colcon_core.shell:Creating prefix util module '/home/shay/a/aldana0/ece569-fall2026/Lab1/ws1/install/_local_setup_util_ps1.py'
[2.138s] INFO:colcon.colcon_core.shell:Creating prefix chain script '/home/shay/a/aldana0/ece569-fall2026/Lab1/ws1/install/setup.ps1'
[2.140s] INFO:colcon.colcon_core.shell:Creating prefix script '/home/shay/a/aldana0/ece569-fall2026/Lab1/ws1/install/local_setup.sh'
[2.141s] INFO:colcon.colcon_core.shell:Creating prefix util module '/home/shay/a/aldana0/ece569-fall2026/Lab1/ws1/install/_local_setup_util_sh.py'
[2.142s] INFO:colcon.colcon_core.shell:Creating prefix chain script '/home/shay/a/aldana0/ece569-fall2026/Lab1/ws1/install/setup.sh'
[2.143s] INFO:colcon.colcon_core.shell:Creating prefix script '/home/shay/a/aldana0/ece569-fall2026/Lab1/ws1/install/local_setup.bash'
[2.144s] INFO:colcon.colcon_core.shell:Creating prefix chain script '/home/shay/a/aldana0/ece569-fall2026/Lab1/ws1/install/setup.bash'
[2.145s] INFO:colcon.colcon_core.shell:Creating prefix script '/home/shay/a/aldana0/ece569-fall2026/Lab1/ws1/install/local_setup.zsh'
[2.146s] INFO:colcon.colcon_core.shell:Creating prefix chain script '/home/shay/a/aldana0/ece569-fall2026/Lab1/ws1/install/setup.zsh'
